python.exe : [33mChecking connectivity to the model hosters, this may take a while. To bypass this check, set `PADDLE_PDX_DISABLE_MODEL_SOURCE_CHECK` to `True`.[0m
At line:1 char:47
+ ... \Backend" ; & .\.venv\Scripts\python.exe test_extract_text.py 2>&1 |  ...
+                 ~~~~~~~~~~~~~~~~~~~~~~~~~~~~~~~~~~~~~~~~~~~~~~~~~~~~~~
    + CategoryInfo          : NotSpecified: ([33mChecking c... to `True`.[0m:String) [], RemoteException
    + FullyQualifiedErrorId : NativeCommandError
 
INFO: Could not find files for the given pattern(s).
C:\Amazatic\Hackathon Personal\Backend\.venv\lib\site-packages\paddle\utils\cpp_extension\extension_utils.py:712: UserWarning: No ccache found. Please be aware that recompiling 
all source files may be required. You can download and install ccache from: https://github.com/ccache/ccache/blob/master/doc/INSTALL.md
  warnings.warn(warning_message)
[32mCreating model: ('PP-LCNet_x1_0_doc_ori', None)[0m
[32mModel files already exist. Using cached files. To redownload, please delete the directory manually: `C:\Users\User\.paddlex\official_models\PP-LCNet_x1_0_doc_ori`.[0m
[32mCreating model: ('UVDoc', None)[0m
[32mModel files already exist. Using cached files. To redownload, please delete the directory manually: `C:\Users\User\.paddlex\official_models\UVDoc`.[0m
[32mCreating model: ('PP-LCNet_x1_0_textline_ori', None)[0m
[32mModel files already exist. Using cached files. To redownload, please delete the directory manually: `C:\Users\User\.paddlex\official_models\PP-LCNet_x1_0_textline_ori`.[0m
[32mCreating model: ('PP-OCRv5_server_det', None)[0m
[32mModel files already exist. Using cached files. To redownload, please delete the directory manually: `C:\Users\User\.paddlex\official_models\PP-OCRv5_server_det`.[0m
[32mCreating model: ('en_PP-OCRv5_mobile_rec', None)[0m
[32mModel files already exist. Using cached files. To redownload, please delete the directory manually: `C:\Users\User\.paddlex\official_models\en_PP-OCRv5_mobile_rec`.[0m
======================================================================
PADDLEOCR TEXT EXTRACTION TEST
======================================================================

Step 1: Initializing PaddleOCR...
Traceback (most recent call last):
  File "C:\Amazatic\Hackathon Personal\Backend\test_extract_text.py", line 20, in <module>
    print("\u2705 Initialized!")
  File "C:\Program Files\Python310\lib\encodings\cp1252.py", line 19, in encode
    return codecs.charmap_encode(input,self.errors,encoding_table)[0]
UnicodeEncodeError: 'charmap' codec can't encode character '\u2705' in position 0: character maps to <undefined>
